
Merging object attributes


Discarded input sections

 .comment       0x00000000      0x14f obj/CELINK.o
 .note.GNU-stack
                0x00000000        0x0 obj/CELINK.o
 .init.weak_crt
                0x00000000       0x10 obj/CELINK.o
 .text          0x00000000        0x0 obj/crt0.o
 .data          0x00000000        0x0 obj/crt0.o
 .bss           0x00000000        0x0 obj/crt0.o

Memory Configuration

Name             Origin             Length             Attributes
prgm             0x00d1a87f         0x00400000
bss              0x00d052c6         0x0000ed12
*default*        0x00000000         0xffffffff

Linker script and memory map

                0x00d1a87f                        LOAD_ADDR = 0xd1a87f
                0x00d052c6                        BSSHEAP_LOW = 0xd052c6
                0x00d13fd8                        BSSHEAP_HIGH = 0xd13fd8
                0x00d1a87e                        STACK_HIGH = 0xd1a87e
                0x00000001                        __TICE__ = 0x1
                0x00d1a87f                        . = LOAD_ADDR

.header         0x00d1a87f        0xf
 *(.header)
 .header        0x00d1a87f        0x3 obj/crt0.o
 *(.header.icon)
 .header.icon   0x00d1a882        0xc obj/CELINK.o
                0x00d1a887                ___description

.init           0x00d1a88e      0x126
 *(.init)
 .init          0x00d1a88e      0x126 obj/crt0.o
                0x00d1a88e                __start
                0x00d1a8eb                __libload_library_KEYPADC
                0x00d1a8f5                _kb_Scan
                0x00d1a8f9                __libload_library_SRLDRVCE
                0x00d1a904                _srl_Open
                0x00d1a908                _srl_Close
                0x00d1a90c                _srl_Read
                0x00d1a910                _srl_Write
                0x00d1a914                _srl_UsbEventCallback
                0x00d1a918                __libload_library_USBDRVCE
                0x00d1a923                _usb_Init
                0x00d1a927                _usb_Cleanup
                0x00d1a92b                _usb_HandleEvents
                0x00d1a92f                _usb_RefDevice
                0x00d1a933                _usb_UnrefDevice
                0x00d1a937                _usb_ResetDevice
                0x00d1a93b                _usb_GetRole
                0x00d1a978                ___exithl
                0x00d1a979                _exit.sp

.text           0x00d1a9b4     0x27db
 *(.text.unlikely .text.*_unlikely .text.unlikely.*)
 *(.text.exit .text.exit.*)
 *(.text.startup .text.startup.*)
 *(.text.hot .text.hot.*)
 *(SORT_BY_NAME(.text.sorted.*))
 *(.text .stub .text.* .gnu.linkonce.t.*)
 .text          0x00d1a9b4      0x4d2 obj/CELINK.o
                0x00d1a9b4                __land
                0x00d1a9b8                __iand
                0x00d1a9cf                __dcmp
                0x00d1aa2d                __frameset
                0x00d1aa3b                __frameset0
                0x00d1aa46                __ftod
                0x00d1aa8e                __imuls
                0x00d1aa8e                __imulu
                0x00d1aabe                __sshl
                0x00d1aabe                __ishl
                0x00d1aae4                __ishru
                0x00d1aae9                __ishrs
                0x00d1ab25                __lladd
                0x00d1ab49                __lland
                0x00d1ab85                __llcmps
                0x00d1abb2                __llcmpu
                0x00d1abdc                __llcmpzero
                0x00d1abdc                __llequzero
                0x00d1abf1                __lldivu
                0x00d1ac05                __lldvrmu
                0x00d1ac0c                __lldvrmu.hijack
                0x00d1ac63                __llmulu
                0x00d1acb8                __llshl
                0x00d1acd2                __llshru
                0x00d1ad02                __llshrs
                0x00d1ad3e                __llxor
                0x00d1ad7a                __sand
                0x00d1ad83                __setflag
                0x00d1ad8d                __lxor
                0x00d1ad91                __ixor
                0x00d1ada8                _os_GetStringInput
 .text._celink_init
                0x00d1ae86       0x47 obj/CELINK.o
                0x00d1ae86                _celink_init
 .text._celink_usb_event
                0x00d1aecd      0x100 obj/CELINK.o
 .text._celink_process
                0x00d1afcd        0xb obj/CELINK.o
                0x00d1afcd                _celink_process
 .text._celink_send
                0x00d1afd8       0x69 obj/CELINK.o
                0x00d1afd8                _celink_send
 .text._celink_read
                0x00d1b041       0x5e obj/CELINK.o
                0x00d1b041                _celink_read
 .text._celink_request
                0x00d1b09f       0x73 obj/CELINK.o
                0x00d1b09f                _celink_request
 .text._celink_disconnect
                0x00d1b112       0x41 obj/CELINK.o
                0x00d1b112                _celink_disconnect
 .text._main    0x00d1b153      0x517 obj/CELINK.o
                0x00d1b153                _main
 .text._draw_menu
                0x00d1b66a       0xab obj/CELINK.o
 .text._show_result
                0x00d1b715       0x7b obj/CELINK.o
 .text._wait_for_any_key
                0x00d1b790        0xf obj/CELINK.o
 .text._npf_vpprintf
                0x00d1b79f     0x1775 obj/CELINK.o
                0x00d1b79f                _npf_vpprintf
 .text._NPF_PUTC_IMPL
                0x00d1cf14       0x2d obj/CELINK.o
 .text._npf_utoa_rev
                0x00d1cf41       0xe6 obj/CELINK.o
 .text._vsnprintf
                0x00d1d027       0x88 obj/CELINK.o
                0x00d1d027                _vsnprintf
 .text._npf_bufputc
                0x00d1d0af       0x25 obj/CELINK.o
 .text._npf_bufputc_nop
                0x00d1d0d4        0x7 obj/CELINK.o
 .text._snprintf
                0x00d1d0db       0x28 obj/CELINK.o
                0x00d1d0db                _snprintf
 .text._sprintf
                0x00d1d103       0x29 obj/CELINK.o
                0x00d1d103                _sprintf
 .text.__bctlz  0x00d1d12c       0x22 obj/CELINK.o
                0x00d1d12c                __bctlz
 .text.__sctlz  0x00d1d14e        0xc obj/CELINK.o
                0x00d1d14e                __sctlz
 .text.__ictlz  0x00d1d15a       0x12 obj/CELINK.o
                0x00d1d15a                __ictlz
 .text.__llctlz
                0x00d1d16c        0xe obj/CELINK.o
                0x00d1d16c                __llctlz
 .text.__i48ctlz
                0x00d1d17a       0x15 obj/CELINK.o
                0x00d1d17a                __i48ctlz
 *(.gnu.warning)

.rodata         0x00d1d18f      0x2fb
 *(.rodata .rodata.* .gnu.linkonce.r.*)
 .rodata._.str  0x00d1d18f       0x18 obj/CELINK.o
 .rodata._.str.1
                0x00d1d1a7       0x16 obj/CELINK.o
 .rodata._.str.2
                0x00d1d1bd       0x17 obj/CELINK.o
 .rodata._.str.3
                0x00d1d1d4       0x12 obj/CELINK.o
 .rodata._.str.4
                0x00d1d1e6       0x12 obj/CELINK.o
 .rodata._.str.5
                0x00d1d1f8        0xf obj/CELINK.o
 .rodata._.str.6
                0x00d1d207       0x14 obj/CELINK.o
 .rodata._.str.7
                0x00d1d21b        0xa obj/CELINK.o
 .rodata._.str.8
                0x00d1d225       0x17 obj/CELINK.o
 .rodata._.str.9
                0x00d1d23c        0x9 obj/CELINK.o
 .rodata._.str.10
                0x00d1d245        0xb obj/CELINK.o
 .rodata._.str.11
                0x00d1d250        0xe obj/CELINK.o
 .rodata._.str.12
                0x00d1d25e       0x11 obj/CELINK.o
 .rodata._.str.13
                0x00d1d26f        0x8 obj/CELINK.o
 .rodata._.str.14
                0x00d1d277        0x6 obj/CELINK.o
 .rodata._.str.15
                0x00d1d27d        0xa obj/CELINK.o
 .rodata._.str.16
                0x00d1d287        0xe obj/CELINK.o
 .rodata._.str.17
                0x00d1d295       0x1f obj/CELINK.o
 .rodata._.str.18
                0x00d1d2b4       0x10 obj/CELINK.o
 .rodata._.str.19
                0x00d1d2c4        0xb obj/CELINK.o
 .rodata._.str.20
                0x00d1d2cf        0xb obj/CELINK.o
 .rodata._.str.21
                0x00d1d2da        0x6 obj/CELINK.o
 .rodata._.str.22
                0x00d1d2e0        0x7 obj/CELINK.o
 .rodata._.str.23
                0x00d1d2e7       0x10 obj/CELINK.o
 .rodata._.str.24
                0x00d1d2f7        0x5 obj/CELINK.o
 .rodata._.str.25
                0x00d1d2fc        0x9 obj/CELINK.o
 .rodata._.str.26
                0x00d1d305        0xc obj/CELINK.o
 .rodata._.str.27
                0x00d1d311        0xb obj/CELINK.o
 .rodata._.str.28
                0x00d1d31c        0x5 obj/CELINK.o
 .rodata._.str.29
                0x00d1d321        0x5 obj/CELINK.o
 .rodata._.str.30
                0x00d1d326       0x15 obj/CELINK.o
 .rodata._.str.31
                0x00d1d33b        0xd obj/CELINK.o
 .rodata._.str.32
                0x00d1d348        0xf obj/CELINK.o
 .rodata._.str.33
                0x00d1d357        0xf obj/CELINK.o
 .rodata._npf_vpprintf
                0x00d1d366      0x102 obj/CELINK.o
 .rodata.libload
                0x00d1d468       0x22 obj/crt0.o

.init_array     0x00d1d48a        0x0
                [!provide]                        PROVIDE (__init_array_start = .)
 *(.preinit_array)
 *(SORT_BY_INIT_PRIORITY(.init_array.*))
 *(.init_array)
                [!provide]                        PROVIDE (__init_array_end = .)

.fini_array     0x00d1d48a        0x0
                [!provide]                        PROVIDE (__fini_array_start = .)
 *(SORT_BY_INIT_PRIORITY(.fini_array.*))
 *(.fini_array)
                [!provide]                        PROVIDE (__fini_array_end = .)
                0x00d1d48a                        ___data_low = .

.data           0x00d1d48a        0x0
 *(.data .data.* .gnu.linkonce.d.*)
 *(.data1)
                0x00d1d48a                        ___runprgm_reloc_start = .
 *(.runprgm.reloc)
                0x00d1d48a                        ___runprgm_reloc_end = .
                0x00d1d48a                        ___data_high = .
                0x00000000                        ___data_len = (___data_high - ___data_low)
                0x00d052c6                        . = BSSHEAP_LOW
                0x00d052c6                        ___bss_low = .

.bss            0x00d052c6      0x24b
 *(.dynbss)
 *(.bss .bss.* .gnu.linkonce.b.*)
 .bss._connected_device
                0x00d052c6        0x3 obj/CELINK.o
 .bss._usb_initialized
                0x00d052c9        0x1 obj/CELINK.o
 .bss._serial_open
                0x00d052ca        0x1 obj/CELINK.o
 .bss._last_error
                0x00d052cb        0x3 obj/CELINK.o
 .bss._srl_buffer
                0x00d052ce      0x200 obj/CELINK.o
 .bss._srl_dev  0x00d054ce       0x3a obj/CELINK.o
 .bss._pc_cnt.0
                0x00d05508        0x3 obj/CELINK.o
 .bss._pc_cnt.1
                0x00d0550b        0x3 obj/CELINK.o
 .bss._pc_cnt.2
                0x00d0550e        0x3 obj/CELINK.o
 *(COMMON)
                0x00d05511                        ___bss_high = .
                0x0000024b                        ___bss_len = (___bss_high - ___bss_low)
                0x00000001                        ASSERT ((. <= BSSHEAP_HIGH), Error: BSS exceed BSSHEAP_HIGH limit)
                0x00d05511                        ___heap_low = .
                0x00d13fd8                        . = BSSHEAP_HIGH
                0x00d13fd8                        ___heap_high = .

.runprgm
 *(.runprgm.reloc)

.debug_info
 *(.debug_info .debug_info.*)

.debug_abbrev
 *(.debug_abbrev .debug_abbrev.*)

.debug_line
 *(.debug_line .debug_line.*)

.debug_line_str
 *(.debug_line_str .debug_line_str.*)

.debug_str
 *(.debug_str .debug_str.*)

.debug_str_offsets
 *(.debug_str_offsets .debug_str_offsets.*)

.debug_addr
 *(.debug_addr .debug_addr.*)

.debug_aranges
 *(.debug_aranges .debug_aranges.*)

.debug_ranges
 *(.debug_ranges .debug_ranges.*)

.debug_rnglists
 *(.debug_rnglists .debug_rnglists.*)

.debug_loc
 *(.debug_loc .debug_loc.*)

.debug_loclists
 *(.debug_loclists .debug_loclists.*)

.debug_frame
 *(.debug_frame .debug_frame.*)

.debug_macro
 *(.debug_macro .debug_macro.*)

.debug_macinfo
 *(.debug_macinfo .debug_macinfo.*)

.debug_names
 *(.debug_names .debug_names.*)

.debug_pubnames
 *(.debug_pubnames .debug_pubnames.*)

.debug_pubtypes
 *(.debug_pubtypes .debug_pubtypes.*)

.debug_types
 *(.debug_types .debug_types.*)

.debug_sup
 *(.debug_sup .debug_sup.*)

.debug_cu_index
 *(.debug_cu_index .debug_cu_index.*)

.debug_tu_index
 *(.debug_tu_index .debug_tu_index.*)

.gdb_index
 *(.gdb_index)

.debug_gdb_scripts
 *(.debug_gdb_scripts)

.debug_abbrev.dwo
 *(.debug_abbrev.dwo .debug_abbrev.dwo.*)

.debug_info.dwo
 *(.debug_info.dwo .debug_info.dwo.*)

.debug_line.dwo
 *(.debug_line.dwo .debug_line.dwo.*)

.debug_loclists.dwo
 *(.debug_loclists.dwo .debug_loclists.dwo.*)

.debug_macro.dwo
 *(.debug_macro.dwo .debug_macro.dwo.*)

.debug_rnglists.dwo
 *(.debug_rnglists.dwo .debug_rnglists.dwo.*)

.debug_str.dwo
 *(.debug_str.dwo .debug_str.dwo.*)

.debug_str_offsets.dwo
 *(.debug_str_offsets.dwo .debug_str_offsets.dwo.*)

.eh_frame
 *(.eh_frame)

.eh_frame_hdr
 *(.eh_frame_hdr)

/DISCARD/
 *(.comment)
 *(.note*)
                [!provide]                        PROVIDE (___runprgm_reloc_len = (___runprgm_reloc_end - ___runprgm_reloc_start))
LOAD obj/CELINK.o
LOAD obj/crt0.o
START GROUP
LOAD /opt/ce-toolchain-bin/lib/libc/allocator_standard.a
LOAD /opt/ce-toolchain-bin/lib/crt/libcrt.a
LOAD /opt/ce-toolchain-bin/lib/ce/libce.a
LOAD /opt/ce-toolchain-bin/lib/softfloat/libsoftfloat.a
LOAD /opt/ce-toolchain-bin/lib/libc/libc_os.a
LOAD /opt/ce-toolchain-bin/lib/libcxx/libcxx.a
END GROUP
OUTPUT(bin/CELINK.obj elf32-z80)
